15:48:14 **** Build of configuration Debug for project 001HelloWorld ****
make -j4 all 
arm-none-eabi-gcc -mcpu=cortex-m4 -g3 -c -x assembler-with-cpp --specs=nano.specs -mfpu=fpv4-sp-d16 -mfloat-abi=hard -mthumb -o "Startup/startup_stm32f446retx.o" "../Startup/startup_stm32f446retx.s"
arm-none-eabi-gcc "../Src/main.c" -mcpu=cortex-m4 -std=gnu11 -g3 -DSTM32 -DSTM32F4 -DSTM32F446RETx -DDEBUG -c -I../Inc -O0 -ffunction-sections -fdata-sections -Wall -fstack-usage -MMD -MP -MF"Src/main.d" -MT"Src/main.o" --specs=nano.specs -mfpu=fpv4-sp-d16 -mfloat-abi=hard -mthumb -o "Src/main.o"
arm-none-eabi-gcc "../Src/syscalls.c" -mcpu=cortex-m4 -std=gnu11 -g3 -DSTM32 -DSTM32F4 -DSTM32F446RETx -DDEBUG -c -I../Inc -O0 -ffunction-sections -fdata-sections -Wall -fstack-usage -MMD -MP -MF"Src/syscalls.d" -MT"Src/syscalls.o" --specs=nano.specs -mfpu=fpv4-sp-d16 -mfloat-abi=hard -mthumb -o "Src/syscalls.o"
arm-none-eabi-gcc "../Src/sysmem.c" -mcpu=cortex-m4 -std=gnu11 -g3 -DSTM32 -DSTM32F4 -DSTM32F446RETx -DDEBUG -c -I../Inc -O0 -ffunction-sections -fdata-sections -Wall -fstack-usage -MMD -MP -MF"Src/sysmem.d" -MT"Src/sysmem.o" --specs=nano.specs -mfpu=fpv4-sp-d16 -mfloat-abi=hard -mthumb -o "Src/sysmem.o"
arm-none-eabi-gcc -o "001HelloWorld.elf" @"objects.list"   -mcpu=cortex-m4 -T"C:\Users\Kungen\Desktop\Stm_Projects\Embedded-c\My_workspace\target\001HelloWorld\STM32F446RETX_FLASH.ld" --specs=nosys.specs -Wl,-Map="001HelloWorld.map" -Wl,--gc-sections -static --specs=nano.specs -mfpu=fpv4-sp-d16 -mfloat-abi=hard -mthumb -Wl,--start-group -lc -lm -Wl,--end-group
Finished building target: 001HelloWorld.elf
 
arm-none-eabi-size   001HelloWorld.elf 
arm-none-eabi-objdump -h -S  001HelloWorld.elf  > "001HelloWorld.list"
   text	   data	    bss	    dec	    hex	filename
   3496	    108	   1580	   5184	   1440	001HelloWorld.elf
Finished building: default.size.stdout
 
Finished building: 001HelloWorld.list
 
15:55:19 **** Incremental Build of configuration Debug for project 001HelloWorld ****
make -j4 all 
arm-none-eabi-size   001HelloWorld.elf 
   text	   data	    bss	    dec	    hex	filename
   3496	    108	   1580	   5184	   1440	001HelloWorld.elf
Finished building: default.size.stdout
 
15:56:09 **** Incremental Build of configuration Debug for project 001HelloWorld ****
make -j4 all 
arm-none-eabi-size   001HelloWorld.elf 
   text	   data	    bss	    dec	    hex	filename
   3496	    108	   1580	   5184	   1440	001HelloWorld.elf
Finished building: default.size.stdout
 
15:56:48 **** Incremental Build of configuration Debug for project 001HelloWorld ****
make -j4 all 
arm-none-eabi-size   001HelloWorld.elf 
   text	   data	    bss	    dec	    hex	filename
   3496	    108	   1580	   5184	   1440	001HelloWorld.elf
Finished building: default.size.stdout
 
15:58:23 **** Incremental Build of configuration Debug for project 001HelloWorld ****
make -j4 all 
arm-none-eabi-size   001HelloWorld.elf 
   text	   data	    bss	    dec	    hex	filename
   3496	    108	   1580	   5184	   1440	001HelloWorld.elf
Finished building: default.size.stdout
 
15:58:53 **** Incremental Build of configuration Debug for project 001HelloWorld ****
make -j4 all 
arm-none-eabi-size   001HelloWorld.elf 
   text	   data	    bss	    dec	    hex	filename
   3496	    108	   1580	   5184	   1440	001HelloWorld.elf
Finished building: default.size.stdout
 
16:01:58 **** Incremental Build of configuration Debug for project 001HelloWorld ****
make -j4 all 
arm-none-eabi-size   001HelloWorld.elf 
   text	   data	    bss	    dec	    hex	filename
   3496	    108	   1580	   5184	   1440	001HelloWorld.elf
Finished building: default.size.stdout
 
16:03:17 **** Incremental Build of configuration Debug for project 001HelloWorld ****
make -j4 all 
arm-none-eabi-size   001HelloWorld.elf 
   text	   data	    bss	    dec	    hex	filename
   3496	    108	   1580	   5184	   1440	001HelloWorld.elf
Finished building: default.size.stdout
 
16:05:26 **** Incremental Build of configuration Debug for project 001HelloWorld ****
make -j4 all 
arm-none-eabi-size   001HelloWorld.elf 
   text	   data	    bss	    dec	    hex	filename
   3496	    108	   1580	   5184	   1440	001HelloWorld.elf
Finished building: default.size.stdout
 
